../Core/Src/main.c:87:5:main	48	static
../Core/Src/main.c:206:6:SystemClock_Config	88	static
../Core/Src/main.c:253:13:MX_ADC1_Init	24	static
../Core/Src/main.c:305:13:MX_ADC2_Init	24	static
../Core/Src/main.c:357:13:MX_ADC3_Init	24	static
../Core/Src/main.c:409:13:MX_DAC_Init	16	static
../Core/Src/main.c:449:13:MX_TIM4_Init	32	static
../Core/Src/main.c:494:13:MX_USART2_UART_Init	8	static
../Core/Src/main.c:527:13:MX_GPIO_Init	40	static
../Core/Src/main.c:569:6:usDelay	16	static
../Core/Src/main.c:580:6:HAL_TIM_IC_CaptureCallback	16	static
../Core/Src/main.c:604:6:Error_Handler	4	static,ignoring_inline_asm
